#-----------------------------------------------------------
# Vivado v2022.1 (64-bit)
# SW Build 3526262 on Mon Apr 18 15:48:16 MDT 2022
# IP Build 3524634 on Mon Apr 18 20:55:01 MDT 2022
# Start of session at: Thu Apr 16 09:55:56 2026
# Process ID: 3500
# Current directory: C:/Users/omarbeheiry/Documents/RISCV-Full-Single-Cycle-Implementation-main/RISCV-Full-Single-Cycle-Implementation-main
# Command line: vivado.exe -gui_launcher_event rodinguilauncherevent10756 C:\Users\omarbeheiry\Documents\RISCV-Full-Single-Cycle-Implementation-main\RISCV-Full-Single-Cycle-Implementation-main\riscv full single cycle implementation.xpr
# Log file: C:/Users/omarbeheiry/Documents/RISCV-Full-Single-Cycle-Implementation-main/RISCV-Full-Single-Cycle-Implementation-main/vivado.log
# Journal file: C:/Users/omarbeheiry/Documents/RISCV-Full-Single-Cycle-Implementation-main/RISCV-Full-Single-Cycle-Implementation-main\vivado.jou
# Running On: CSE-P07-2168-Q35, OS: Windows, CPU Frequency: 3696 MHz, CPU Physical cores: 8, Host memory: 34016 MB
#-----------------------------------------------------------
start_gui
open_project {C:/Users/omarbeheiry/Documents/RISCV-Full-Single-Cycle-Implementation-main/RISCV-Full-Single-Cycle-Implementation-main/riscv full single cycle implementation.xpr}
update_compile_order -fileset sources_1
launch_simulation
launch_simulation
launch_simulation
launch_simulation
source cpu_tb.tcl
relaunch_sim
run 10 us
run 10 us
relaunch_sim
run 10 us
relaunch_sim
run 10 us
relaunch_sim
run 10 us
run 10 us
relaunch_sim
run 10 us
relaunch_sim
run 10 us
relaunch_sim
run 10 us
run 10 us
relaunch_sim
run 10 us
run 10 us
relaunch_sim
run 10 us
relaunch_sim
run 10 us
run 10 us
relaunch_sim
run 10 us
relaunch_sim
relaunch_sim
relaunch_sim
relaunch_sim
